{"id":{},"format":"Biological Observation Matrix 1.0.0","format_url":"http://biom-format.org","type":"OTU table","generated_by":"biomformat 1.18.0","date":"2021-11-23 14:15:35","matrix_type":"dense","matrix_element_type":"int","shape":[40,3],"rows":[{"id":"FJ981654.1.1204","metadata":["d__Bacteria","Firmicutes","Bacilli","Staphylococcales","Staphylococcaceae","Staphylococcus",null,"FJ981654.1.1204"]},{"id":"HM046431.1.1200","metadata":["d__Bacteria","Campilobacterota","Campylobacteria","Campylobacterales","Helicobacteraceae","Helicobacter","Helicobacter_pylori","HM046431.1.1200"]},{"id":"KR029790.1.1200","metadata":["d__Bacteria","Firmicutes","Bacilli","Bacillales","Bacillaceae","Bacillus",null,"KR029790.1.1200"]},{"id":"LN611354.1.1200","metadata":["d__Bacteria","Proteobacteria","Gammaproteobacteria","Pseudomonadales","Moraxellaceae","Acinetobacter",null,"LN611354.1.1200"]},{"id":"KF571471.1.1207","metadata":["d__Bacteria","Firmicutes","Bacilli","Lactobacillales","Listeriaceae","Listeria",null,"KF571471.1.1207"]},{"id":"AJ239312.1.1355","metadata":["d__Bacteria","Proteobacteria","Gammaproteobacteria","Burkholderiales","Neisseriaceae","Neisseria",null,"AJ239312.1.1355"]},{"id":"KX984117.1.1262","metadata":["d__Bacteria","Firmicutes","Clostridia","Clostridiales","Clostridiaceae","Clostridium_sensu_stricto_1",null,"KX984117.1.1262"]},{"id":"FJ503081.1.1238","metadata":["d__Bacteria","Bacteroidota","Bacteroidia","Bacteroidales","Bacteroidaceae","Bacteroides",null,"FJ503081.1.1238"]},{"id":"EU156766.1.1269","metadata":["d__Bacteria","Firmicutes","Bacilli","Lactobacillales","Streptococcaceae","Streptococcus","Streptococcus_mutans","EU156766.1.1269"]},{"id":"KT873246.1.1201","metadata":["d__Bacteria","Proteobacteria","Gammaproteobacteria","Enterobacterales","Enterobacteriaceae","Escherichia-Shigella",null,"KT873246.1.1201"]},{"id":"KX792217.1.1200","metadata":["d__Bacteria","Firmicutes","Bacilli","Lactobacillales","Enterococcaceae","Enterococcus",null,"KX792217.1.1200"]},{"id":"AE000513.2467934.2469435","metadata":["d__Bacteria","Deinococcota","Deinococci","Deinococcales","Deinococcaceae","Deinococcus","Deinococcus_radiodurans","AE000513.2467934.2469435"]},{"id":"LC198619.1.1220","metadata":["d__Bacteria","Proteobacteria","Alphaproteobacteria","Rhodobacterales","Rhodobacteraceae","Rhodobacter",null,"LC198619.1.1220"]},{"id":"EU455199.1.1210","metadata":["d__Bacteria","Firmicutes","Bacilli","Lactobacillales","Lactobacillaceae","Lactobacillus",null,"EU455199.1.1210"]},{"id":"KX212247.1.1200","metadata":["d__Bacteria","Proteobacteria","Gammaproteobacteria","Pseudomonadales","Pseudomonadaceae","Pseudomonas",null,"KX212247.1.1200"]},{"id":"KX792215.1.1201","metadata":["d__Bacteria","Firmicutes","Bacilli","Lactobacillales","Streptococcaceae","Streptococcus","Streptococcus_agalactiae","KX792215.1.1201"]},{"id":"KF084610.1.1355","metadata":["d__Bacteria","Actinobacteriota","Actinobacteria","Actinomycetales","Actinomycetaceae","Actinomyces",null,"KF084610.1.1355"]},{"id":"CVLP01000086.4757.6053","metadata":["d__Bacteria","Firmicutes","Bacilli","Lactobacillales","Streptococcaceae","Streptococcus",null,"CVLP01000086.4757.6053"]},{"id":"DQ801220.1.1342","metadata":["d__Bacteria","Bacteroidota","Bacteroidia","Bacteroidales","Bacteroidaceae","Bacteroides",null,"DQ801220.1.1342"]},{"id":"EU765294.1.1363","metadata":["d__Bacteria","Bacteroidota","Bacteroidia","Bacteroidales","Bacteroidaceae","Bacteroides",null,"EU765294.1.1363"]},{"id":"CAQA01000070.1409.4877","metadata":["d__Bacteria","Firmicutes","Bacilli","Lactobacillales","Streptococcaceae","Streptococcus",null,"CAQA01000070.1409.4877"]},{"id":"CP000721.924919.926423","metadata":["d__Bacteria","Firmicutes","Clostridia","Clostridiales","Clostridiaceae","Clostridium_sensu_stricto_1",null,"CP000721.924919.926423"]},{"id":"GFIM01005958.9.1236","metadata":["d__Bacteria","Actinobacteriota","Actinobacteria","Propionibacteriales","Propionibacteriaceae","Cutibacterium",null,"GFIM01005958.9.1236"]},{"id":"DQ796136.1.1225","metadata":["d__Bacteria","Firmicutes","Clostridia","Lachnospirales","Lachnospiraceae","Blautia",null,"DQ796136.1.1225"]},{"id":"FJ371873.1.1224","metadata":["d__Bacteria","Firmicutes","Clostridia","Oscillospirales","Ruminococcaceae","Faecalibacterium",null,"FJ371873.1.1224"]},{"id":"GQ448970.1.1284","metadata":["d__Bacteria","Bacteroidota","Bacteroidia","Bacteroidales","Prevotellaceae","Prevotella",null,"GQ448970.1.1284"]},{"id":"AY981913.1.1349","metadata":["d__Bacteria","Bacteroidota","Bacteroidia","Bacteroidales","Bacteroidaceae","Bacteroides",null,"AY981913.1.1349"]},{"id":"DQ823971.1.1252","metadata":["d__Bacteria","Verrucomicrobiota","Verrucomicrobiae","Verrucomicrobiales","Akkermansiaceae","Akkermansia","Akkermansia_muciniphila","DQ823971.1.1252"]},{"id":"JQ189739.1.1362","metadata":["d__Bacteria","Bacteroidota","Bacteroidia","Bacteroidales","Prevotellaceae","Alloprevotella",null,"JQ189739.1.1362"]},{"id":"EU776908.1.1289","metadata":["d__Bacteria","Firmicutes","Bacilli","Erysipelotrichales","Erysipelatoclostridiaceae","Catenibacterium",null,"EU776908.1.1289"]},{"id":"JQ186757.1.1359","metadata":["d__Bacteria","Bacteroidota","Bacteroidia","Bacteroidales","Prevotellaceae","Prevotella",null,"JQ186757.1.1359"]},{"id":"EU762772.1.1354","metadata":["d__Bacteria","Firmicutes","Clostridia","Lachnospirales","Lachnospiraceae","Lachnospiraceae_UCG-003","uncultured_bacterium","EU762772.1.1354"]},{"id":"DQ441256.1.1313","metadata":["d__Bacteria","Bacteroidota","Bacteroidia","Bacteroidales","Rikenellaceae","Alistipes",null,"DQ441256.1.1313"]},{"id":"EU767188.1.1370","metadata":["d__Bacteria","Firmicutes","Clostridia","Lachnospirales","Lachnospiraceae","[Eubacterium]_xylanophilum_group","uncultured_organism","EU767188.1.1370"]},{"id":"EU510027.1.1344","metadata":["d__Bacteria","Firmicutes","Clostridia","Lachnospirales","Lachnospiraceae","Blautia",null,"EU510027.1.1344"]},{"id":"DQ793742.1.1312","metadata":["d__Bacteria","Firmicutes","Bacilli","Erysipelotrichales","Erysipelatoclostridiaceae","Erysipelotrichaceae_UCG-003",null,"DQ793742.1.1312"]},{"id":"FJ753830.1.1232","metadata":["d__Bacteria","Firmicutes","Clostridia","Clostridiales","Clostridiaceae","Clostridium_sensu_stricto_1",null,"FJ753830.1.1232"]},{"id":"4cddfed97ed397e48febf56da534b2a7","metadata":["d__Bacteria","Proteobacteria","Gammaproteobacteria",null,null,null,null,"4cddfed97ed397e48febf56da534b2a7"]},{"id":"f0a99f591da5ea357f519648de1daf71","metadata":["d__Bacteria","Firmicutes","Bacilli","Lactobacillales","Listeriaceae","Listeria","Listeria_marthii","f0a99f591da5ea357f519648de1daf71"]},{"id":"e028a0db64a79ab1ec86a07447ad726e","metadata":["d__Bacteria","Firmicutes","Clostridia","Clostridiales","Clostridiaceae","Clostridium_sensu_stricto_1",null,"e028a0db64a79ab1ec86a07447ad726e"]}],"columns":[{"id":"Mock1","metadata":["Mock1","Mock"]},{"id":"Mock2","metadata":["Mock2","Mock"]},{"id":"Mock3","metadata":["Mock3","Mock"]}],"data":[[3749,6748,16855],[3037,5648,10350],[2038,3596,9814],[1792,3369,9550],[1818,3389,9169],[2073,4352,6481],[1587,2902,7034],[1143,2711,6050],[1495,2447,5412],[1319,2354,3709],[993,1597,4762],[1595,3079,1979],[1088,2752,2760],[771,1728,3711],[1408,2983,1184],[828,1622,2576],[581,1273,2119],[502,935,1577],[206,570,1105],[199,537,994],[0,0,718],[0,210,498],[51,70,13],[19,0,0],[16,0,0],[0,16,0],[0,0,9],[0,0,8],[7,0,0],[7,0,0],[5,0,0],[4,0,0],[0,4,0],[0,0,4],[2,0,0],[2,0,0],[2,0,0],[0,13,0],[0,12,0],[0,4,0]]}